
> backend@1.0.0 build
> tsc

src/models/User.ts(24,9): error TS2349: This expression is not callable.
  Type 'SaveOptions' has no call signatures.
